C251 COMPILER V5.60.0,  SEEKFREE_ICM20602                                                  10/11/23  14:10:28  PAGE 1   


C251 COMPILER V5.60.0, COMPILATION OF MODULE SEEKFREE_ICM20602
OBJECT MODULE PLACED IN .\Out_File\SEEKFREE_ICM20602.obj
COMPILER INVOKED BY: F:\keil\C251\BIN\C251.EXE ..\..\Libraries\seekfree_peripheral\SEEKFREE_ICM20602.c XSMALL INTR2 WARN
                    -INGLEVEL(3) BROWSE INCDIR(..\..\Libraries\libraries;..\..\Libraries\seekfree_libraries;..\..\Libraries\seekfree_peripher
                    -al;..\CODE;..\USER\inc;..\USER\src) DEBUG PRINT(.\Out_File\SEEKFREE_ICM20602.lst) TABS(2) OBJECT(.\Out_File\SEEKFREE_ICM
                    -20602.obj) 

stmt  level    source

*** ERROR C318 OF ..\..\Libraries\seekfree_peripheral\SEEKFREE_ICM20602.c: can't open file '..\..\Libraries\seekfree_per
             -ipheral\SEEKFREE_ICM20602.c'
*** WARNING C500 IN LINE 1 OF ..\..\Libraries\seekfree_peripheral\SEEKFREE_ICM20602.c:  LICENSE ERROR (R207(3): REGISTRY
             - READ ERROR)


C251 COMPILATION COMPLETE.  1 WARNING(S),  1 ERROR(S)
